[t.me/+0ANleD6fIjU0OTE1.html]
[backblue.gif]
[fade.gif]
[index.html]
[telegram.org/img/apple-touch-icon.png]
[telegram.org/img/favicon-32x32.png]
[telegram.org/img/favicon-16x16.png]
[telegram.org/css/font-robotoc4ca.css]
[telegram.org/css/bootstrap.mineccb.css]
[telegram.org/css/telegram289d.css]
[cdn5.telegram-cdn.org/file/E4gckVgUTFFj2t17IWG6bwcfMYYCMq_fGTXRTmytkaZET2O4ewnAsgq5e-aozeGitZF6aCwqf8dZQxZ7L6OasoZNXMS87yzIMhpAZNBo95yS4GBpdeCoSocfaw2XhJmMsiTRhPuPlW5Eo45Q46MVVCNpVtc-5rKyBaxajDBDu2fLvIhs7ZSGsW]
[t.me/future_bull.html]
[t.me/+0ANleD6fIjU0OTE1.html]
[telegram.org/css/font-robotoc4ca.css]
[telegram.org/css/bootstrap.mineccb.css]
[telegram.org/js/tgwallpaper.mineccb.js]
[telegram.org/img/dropdown_1x.png]
[telegram.org/img/bulleteccb.png]
[telegram.org/img/link-icon.png]
[telegram.org/img/breadcrumb_divider_1x.png]
[telegram.org/img/back_to_top_1x.png]
[telegram.org/img/SiteAward.gif]
[telegram.org/img/SiteTDesktop.jpg]
[telegram.org/img/SiteiOSc81e.jpg]
[telegram.org/img/SiteAndroidc81e.jpg]
[telegram.org/img/tl_arrow.png]
[telegram.org/img/SiteDesktopc81e.jpg]
[telegram.org/img/twitter.png]
[telegram.org/img/tl_card_fast.gif]
[telegram.org/img/tl_card_powerful.gif]
[telegram.org/img/tl_card_free.gif]
[telegram.org/img/tl_card_secure.gif]
[telegram.org/img/tl_card_cloud.gif]
[telegram.org/img/tl_card_private.gif]
[telegram.org/img/tl_card_decentralized.gif]
[telegram.org/img/tl_card_open.gif]
[telegram.org/img/tl_card_wecandoit.gif]
[telegram.org/img/tl_card_connect.gif]
[telegram.org/img/tl_card_coordinate.gif]
[telegram.org/img/tl_card_synchronize.gif]
[telegram.org/img/tl_card_build.gif]
[telegram.org/img/tl_card_encrypt.gif]
[telegram.org/img/tl_card_send.gif]
[telegram.org/img/tl_card_process.gif]
[telegram.org/img/tl_card_destruct.gif]
[telegram.org/img/tl_card_store.gif]
[telegram.org/img/team-sprite.png]
[telegram.org/img/rc_iconsc4ca.png]
[telegram.org/img/iPhone6.png]
[telegram.org/img/tgme/Arrow_1x.png]
[telegram.org/img/blog/BlogLogo1xc4ca.png]
[telegram.org/img/td_laptop.png]
[telegram.org/img/td_icons.png]
[osx.telegram.org/updates/site/artboard.png]
[telegram.org/img/tdirectc4ca.jpg]
[telegram.org/img/dropdown.png]
[telegram.org/img/twitter_2x.png]
[telegram.org/img/breadcrumb_divider.png]
[telegram.org/img/back_to_top.png]
[telegram.org/img/SiteAward_2x.gif]
[telegram.org/img/tl_arrow_2x.png]
[telegram.org/img/SiteDesktop_2xc81e.jpg]
[telegram.org/img/SiteAndroid_2xc81e.jpg]
[telegram.org/img/SiteiOS_2xc81e.jpg]
[telegram.org/img/SiteTDesktop_2xc4ca.jpg]
[telegram.org/img/bullet_2xeccb.png]
[telegram.org/img/tgme/Arrow_2x.png]
[telegram.org/img/tgme/web_icon_2x.png]
[telegram.org/img/tgme/embed_copy_2x.png]
[telegram.org/img/blog/BlogLogo2xc4ca.png]
[telegram.org/img/rc_icons_2xc4ca.png]
[osx.telegram.org/updates/site/artboard_2x.png]
[telegram.org/img/tdirect_2xc4ca.jpg]
[telegram.org/img/blog/BlogLogo3x.png]
[telegram.org/css/telegram289d.css]
[t.me/future_bull.html]
[cdn5.telegram-cdn.org/file/hNuB6KCeEOaBrlPZGxSb565WuACCQlzYFraOLuBKR5AjxCWq5IcZ2zg2bMrW_sHplaYKEJwfW5wPI6xaQSrAcgqYxY8yx5RwT6GLT1oLamH8IB-_WIrkGPXtBeFB8BhZqwBYcn6fjfzimAvD_SHDu5i0C2qw8c9o7pr7os_wJ-NzoFVSnRS91O]
